// Jest Snapshot v1, https://goo.gl/fbAQLP

exports[`should render Flex with default style 1`] = `
<div
  data-radium="true"
>
  <div
    data-radium="true"
    style="display:flex;flex-direction:row;flex-wrap:wrap;justify-content:flex-start;align-items:stretch;align-content:stretch"
  >
    <div
      class="rmq-ce8f0f0d rmq-d31490d2 rmq-ed672573 rmq-5385cdb1 rmq-c847798b rmq-fe61d09d"
      data-radium="true"
      style="display:block;align-self:auto;flex-grow:0;flex-shrink:1;box-sizing:border-box;width:100%"
    >
      content
    </div>
  </div>
</div>
`;

exports[`should render Flex with falsey elements 1`] = `
<div
  data-radium="true"
>
  <div
    data-radium="true"
    style="display:flex;flex-direction:row;flex-wrap:wrap;justify-content:flex-start;align-items:stretch;align-content:stretch"
  >
    <div
      class="rmq-ce8f0f0d rmq-d31490d2 rmq-ed672573 rmq-5385cdb1 rmq-c847798b rmq-fe61d09d"
      data-radium="true"
      style="display:block;align-self:auto;flex-grow:0;flex-shrink:1;box-sizing:border-box;width:100%"
    >
      content
    </div>
  </div>
</div>
`;
